../Core/Src/main.c:87:6:Motor_Drive	24	static
../Core/Src/main.c:97:6:SetValueParam	16	static
../Core/Src/main.c:109:9:GetValueParam	16	static
../Core/Src/main.c:121:6:HAL_I2C_ListenCpltCallback	16	static
../Core/Src/main.c:125:6:HAL_I2C_AddrCallback	16	static
../Core/Src/main.c:133:6:HAL_I2C_SlaveRxCpltCallback	24	static
../Core/Src/main.c:142:6:HAL_I2C_ErrorCallback	16	static
../Core/Src/main.c:146:6:HAL_GPIO_EXTI_Callback	16	static
../Core/Src/main.c:158:5:main	8	static
../Core/Src/main.c:216:6:SystemClock_Config	72	static
../Core/Src/main.c:253:13:MX_I2C1_Init	8	static
../Core/Src/main.c:287:13:MX_TIM2_Init	64	static
../Core/Src/main.c:350:13:MX_TIM4_Init	32	static
../Core/Src/main.c:395:13:MX_GPIO_Init	32	static
../Core/Src/main.c:433:6:Error_Handler	4	static,ignoring_inline_asm
